
  .   ____          _            __ _ _
 /\\ / ___'_ __ _ _(_)_ __  __ _ \ \ \ \
( ( )\___ | '_ | '_| | '_ \/ _` | \ \ \ \
 \\/  ___)| |_)| | | | | || (_| |  ) ) ) )
  '  |____| .__|_| |_|_| |_\__, | / / / /
 =========|_|==============|___/=/_/_/_/

 :: Spring Boot ::                (v3.5.5)

2025-11-05T13:14:33.585+05:30  INFO 33539 --- [AssessmentService] [           main] c.A.A.AssessmentServiceApplication       : Starting AssessmentServiceApplication v0.0.1-SNAPSHOT using Java 21.0.8 with PID 33539 (/home/ravindra162/Desktop/prepNow/AssessmentService/target/AssessmentService-0.0.1-SNAPSHOT.jar started by ravindra162 in /home/ravindra162/Desktop/prepNow/AssessmentService)
2025-11-05T13:14:33.592+05:30  INFO 33539 --- [AssessmentService] [           main] c.A.A.AssessmentServiceApplication       : No active profile set, falling back to 1 default profile: "default"
2025-11-05T13:14:37.968+05:30  INFO 33539 --- [AssessmentService] [           main] .s.d.r.c.RepositoryConfigurationDelegate : Bootstrapping Spring Data JPA repositories in DEFAULT mode.
2025-11-05T13:14:38.187+05:30  INFO 33539 --- [AssessmentService] [           main] .s.d.r.c.RepositoryConfigurationDelegate : Finished Spring Data repository scanning in 183 ms. Found 3 JPA repository interfaces.
2025-11-05T13:14:40.419+05:30  INFO 33539 --- [AssessmentService] [           main] o.s.b.w.embedded.tomcat.TomcatWebServer  : Tomcat initialized with port 8081 (http)
2025-11-05T13:14:40.468+05:30  INFO 33539 --- [AssessmentService] [           main] o.apache.catalina.core.StandardService   : Starting service [Tomcat]
2025-11-05T13:14:40.468+05:30  INFO 33539 --- [AssessmentService] [           main] o.apache.catalina.core.StandardEngine    : Starting Servlet engine: [Apache Tomcat/10.1.44]
2025-11-05T13:14:40.582+05:30  INFO 33539 --- [AssessmentService] [           main] o.a.c.c.C.[Tomcat].[localhost].[/]       : Initializing Spring embedded WebApplicationContext
2025-11-05T13:14:40.588+05:30  INFO 33539 --- [AssessmentService] [           main] w.s.c.ServletWebServerApplicationContext : Root WebApplicationContext: initialization completed in 6754 ms
2025-11-05T13:14:41.345+05:30  INFO 33539 --- [AssessmentService] [           main] o.hibernate.jpa.internal.util.LogHelper  : HHH000204: Processing PersistenceUnitInfo [name: default]
2025-11-05T13:14:41.637+05:30  INFO 33539 --- [AssessmentService] [           main] org.hibernate.Version                    : HHH000412: Hibernate ORM core version 6.6.26.Final
2025-11-05T13:14:41.749+05:30  INFO 33539 --- [AssessmentService] [           main] o.h.c.internal.RegionFactoryInitiator    : HHH000026: Second-level cache disabled
2025-11-05T13:14:42.536+05:30  INFO 33539 --- [AssessmentService] [           main] o.s.o.j.p.SpringPersistenceUnitInfo      : No LoadTimeWeaver setup: ignoring JPA class transformer
2025-11-05T13:14:42.636+05:30  INFO 33539 --- [AssessmentService] [           main] com.zaxxer.hikari.HikariDataSource       : HikariPool-1 - Starting...
2025-11-05T13:14:43.257+05:30  INFO 33539 --- [AssessmentService] [           main] com.zaxxer.hikari.pool.HikariPool        : HikariPool-1 - Added connection org.postgresql.jdbc.PgConnection@7752c0e7
2025-11-05T13:14:43.260+05:30  INFO 33539 --- [AssessmentService] [           main] com.zaxxer.hikari.HikariDataSource       : HikariPool-1 - Start completed.
2025-11-05T13:14:43.387+05:30  WARN 33539 --- [AssessmentService] [           main] org.hibernate.orm.deprecation            : HHH90000025: PostgreSQLDialect does not need to be specified explicitly using 'hibernate.dialect' (remove the property setting and it will be selected by default)
2025-11-05T13:14:43.468+05:30  INFO 33539 --- [AssessmentService] [           main] org.hibernate.orm.connections.pooling    : HHH10001005: Database info:
	Database JDBC URL [Connecting through datasource 'HikariDataSource (HikariPool-1)']
	Database driver: undefined/unknown
	Database version: 16.10
	Autocommit mode: undefined/unknown
	Isolation level: undefined/unknown
	Minimum pool size: undefined/unknown
	Maximum pool size: undefined/unknown
2025-11-05T13:14:46.233+05:30  INFO 33539 --- [AssessmentService] [           main] o.h.e.t.j.p.i.JtaPlatformInitiator       : HHH000489: No JTA platform available (set 'hibernate.transaction.jta.platform' to enable JTA platform integration)
2025-11-05T13:14:46.646+05:30  INFO 33539 --- [AssessmentService] [           main] j.LocalContainerEntityManagerFactoryBean : Initialized JPA EntityManagerFactory for persistence unit 'default'
2025-11-05T13:14:48.378+05:30  WARN 33539 --- [AssessmentService] [           main] JpaBaseConfiguration$JpaWebConfiguration : spring.jpa.open-in-view is enabled by default. Therefore, database queries may be performed during view rendering. Explicitly configure spring.jpa.open-in-view to disable this warning
2025-11-05T13:14:48.850+05:30  WARN 33539 --- [AssessmentService] [           main] .s.s.UserDetailsServiceAutoConfiguration : 

Using generated security password: 8af65787-da60-4fa1-9e9c-f016c3368f35

This generated password is for development use only. Your security configuration must be updated before running your application in production.

2025-11-05T13:14:48.876+05:30  INFO 33539 --- [AssessmentService] [           main] r$InitializeUserDetailsManagerConfigurer : Global AuthenticationManager configured with UserDetailsService bean with name inMemoryUserDetailsManager
2025-11-05T13:14:49.520+05:30  INFO 33539 --- [AssessmentService] [           main] o.s.b.w.embedded.tomcat.TomcatWebServer  : Tomcat started on port 8081 (http) with context path '/'
2025-11-05T13:14:49.532+05:30  INFO 33539 --- [AssessmentService] [           main] c.A.A.AssessmentServiceApplication       : Started AssessmentServiceApplication in 18.491 seconds (process running for 20.289)
2025-11-05T13:18:19.792+05:30  INFO 33539 --- [AssessmentService] [ionShutdownHook] o.s.b.w.e.tomcat.GracefulShutdown        : Commencing graceful shutdown. Waiting for active requests to complete
2025-11-05T13:18:19.809+05:30  INFO 33539 --- [AssessmentService] [tomcat-shutdown] o.s.b.w.e.tomcat.GracefulShutdown        : Graceful shutdown complete
2025-11-05T13:18:19.842+05:30  INFO 33539 --- [AssessmentService] [ionShutdownHook] j.LocalContainerEntityManagerFactoryBean : Closing JPA EntityManagerFactory for persistence unit 'default'
2025-11-05T13:18:19.848+05:30  INFO 33539 --- [AssessmentService] [ionShutdownHook] com.zaxxer.hikari.HikariDataSource       : HikariPool-1 - Shutdown initiated...
2025-11-05T13:18:19.855+05:30  INFO 33539 --- [AssessmentService] [ionShutdownHook] com.zaxxer.hikari.HikariDataSource       : HikariPool-1 - Shutdown completed.
