
  .   ____          _            __ _ _
 /\\ / ___'_ __ _ _(_)_ __  __ _ \ \ \ \
( ( )\___ | '_ | '_| | '_ \/ _` | \ \ \ \
 \\/  ___)| |_)| | | | | || (_| |  ) ) ) )
  '  |____| .__|_| |_|_| |_\__, | / / / /
 =========|_|==============|___/=/_/_/_/

 :: Spring Boot ::                (v3.5.5)

2025-11-05T13:14:33.152+05:30  INFO 33549 --- [Questions] [           main] c.Q.Questions.QuestionsApplication       : Starting QuestionsApplication v0.0.1-SNAPSHOT using Java 21.0.8 with PID 33549 (/home/ravindra162/Desktop/prepNow/QuestionService/target/Questions-0.0.1-SNAPSHOT.jar started by ravindra162 in /home/ravindra162/Desktop/prepNow/QuestionService)
2025-11-05T13:14:33.164+05:30  INFO 33549 --- [Questions] [           main] c.Q.Questions.QuestionsApplication       : No active profile set, falling back to 1 default profile: "default"
2025-11-05T13:14:37.594+05:30  INFO 33549 --- [Questions] [           main] .s.d.r.c.RepositoryConfigurationDelegate : Bootstrapping Spring Data JPA repositories in DEFAULT mode.
2025-11-05T13:14:37.897+05:30  INFO 33549 --- [Questions] [           main] .s.d.r.c.RepositoryConfigurationDelegate : Finished Spring Data repository scanning in 262 ms. Found 4 JPA repository interfaces.
2025-11-05T13:14:40.293+05:30  INFO 33549 --- [Questions] [           main] o.s.b.w.embedded.tomcat.TomcatWebServer  : Tomcat initialized with port 8082 (http)
2025-11-05T13:14:40.343+05:30  INFO 33549 --- [Questions] [           main] o.apache.catalina.core.StandardService   : Starting service [Tomcat]
2025-11-05T13:14:40.344+05:30  INFO 33549 --- [Questions] [           main] o.apache.catalina.core.StandardEngine    : Starting Servlet engine: [Apache Tomcat/10.1.44]
2025-11-05T13:14:40.438+05:30  INFO 33549 --- [Questions] [           main] o.a.c.c.C.[Tomcat].[localhost].[/]       : Initializing Spring embedded WebApplicationContext
2025-11-05T13:14:40.442+05:30  INFO 33549 --- [Questions] [           main] w.s.c.ServletWebServerApplicationContext : Root WebApplicationContext: initialization completed in 7116 ms
2025-11-05T13:14:41.231+05:30  INFO 33549 --- [Questions] [           main] o.hibernate.jpa.internal.util.LogHelper  : HHH000204: Processing PersistenceUnitInfo [name: default]
2025-11-05T13:14:41.412+05:30  INFO 33549 --- [Questions] [           main] org.hibernate.Version                    : HHH000412: Hibernate ORM core version 6.6.26.Final
2025-11-05T13:14:41.585+05:30  INFO 33549 --- [Questions] [           main] o.h.c.internal.RegionFactoryInitiator    : HHH000026: Second-level cache disabled
2025-11-05T13:14:42.499+05:30  INFO 33549 --- [Questions] [           main] o.s.o.j.p.SpringPersistenceUnitInfo      : No LoadTimeWeaver setup: ignoring JPA class transformer
2025-11-05T13:14:42.634+05:30  INFO 33549 --- [Questions] [           main] com.zaxxer.hikari.HikariDataSource       : HikariPool-1 - Starting...
2025-11-05T13:14:43.315+05:30  INFO 33549 --- [Questions] [           main] com.zaxxer.hikari.pool.HikariPool        : HikariPool-1 - Added connection org.postgresql.jdbc.PgConnection@74764622
2025-11-05T13:14:43.322+05:30  INFO 33549 --- [Questions] [           main] com.zaxxer.hikari.HikariDataSource       : HikariPool-1 - Start completed.
2025-11-05T13:14:43.410+05:30  WARN 33549 --- [Questions] [           main] org.hibernate.orm.deprecation            : HHH90000025: PostgreSQLDialect does not need to be specified explicitly using 'hibernate.dialect' (remove the property setting and it will be selected by default)
2025-11-05T13:14:43.485+05:30  INFO 33549 --- [Questions] [           main] org.hibernate.orm.connections.pooling    : HHH10001005: Database info:
	Database JDBC URL [Connecting through datasource 'HikariDataSource (HikariPool-1)']
	Database driver: undefined/unknown
	Database version: 16.10
	Autocommit mode: undefined/unknown
	Isolation level: undefined/unknown
	Minimum pool size: undefined/unknown
	Maximum pool size: undefined/unknown
2025-11-05T13:14:45.991+05:30  INFO 33549 --- [Questions] [           main] o.h.e.t.j.p.i.JtaPlatformInitiator       : HHH000489: No JTA platform available (set 'hibernate.transaction.jta.platform' to enable JTA platform integration)
2025-11-05T13:14:46.561+05:30  INFO 33549 --- [Questions] [           main] j.LocalContainerEntityManagerFactoryBean : Initialized JPA EntityManagerFactory for persistence unit 'default'
2025-11-05T13:14:47.695+05:30  WARN 33549 --- [Questions] [           main] JpaBaseConfiguration$JpaWebConfiguration : spring.jpa.open-in-view is enabled by default. Therefore, database queries may be performed during view rendering. Explicitly configure spring.jpa.open-in-view to disable this warning
2025-11-05T13:14:48.122+05:30  WARN 33549 --- [Questions] [           main] .s.s.UserDetailsServiceAutoConfiguration : 

Using generated security password: ab7bbd81-7cdd-45de-bcfb-ee12effcee90

This generated password is for development use only. Your security configuration must be updated before running your application in production.

2025-11-05T13:14:48.144+05:30  INFO 33549 --- [Questions] [           main] r$InitializeUserDetailsManagerConfigurer : Global AuthenticationManager configured with UserDetailsService bean with name inMemoryUserDetailsManager
2025-11-05T13:14:48.971+05:30  INFO 33549 --- [Questions] [           main] o.s.b.w.embedded.tomcat.TomcatWebServer  : Tomcat started on port 8082 (http) with context path '/'
2025-11-05T13:14:48.984+05:30  INFO 33549 --- [Questions] [           main] c.Q.Questions.QuestionsApplication       : Started QuestionsApplication in 17.907 seconds (process running for 19.74)
2025-11-05T13:18:27.796+05:30  INFO 33549 --- [Questions] [ionShutdownHook] o.s.b.w.e.tomcat.GracefulShutdown        : Commencing graceful shutdown. Waiting for active requests to complete
2025-11-05T13:18:27.815+05:30  INFO 33549 --- [Questions] [tomcat-shutdown] o.s.b.w.e.tomcat.GracefulShutdown        : Graceful shutdown complete
2025-11-05T13:18:27.825+05:30  INFO 33549 --- [Questions] [ionShutdownHook] j.LocalContainerEntityManagerFactoryBean : Closing JPA EntityManagerFactory for persistence unit 'default'
2025-11-05T13:18:27.835+05:30  INFO 33549 --- [Questions] [ionShutdownHook] com.zaxxer.hikari.HikariDataSource       : HikariPool-1 - Shutdown initiated...
2025-11-05T13:18:27.844+05:30  INFO 33549 --- [Questions] [ionShutdownHook] com.zaxxer.hikari.HikariDataSource       : HikariPool-1 - Shutdown completed.
