
  .   ____          _            __ _ _
 /\\ / ___'_ __ _ _(_)_ __  __ _ \ \ \ \
( ( )\___ | '_ | '_| | '_ \/ _` | \ \ \ \
 \\/  ___)| |_)| | | | | || (_| |  ) ) ) )
  '  |____| .__|_| |_|_| |_\__, | / / / /
 =========|_|==============|___/=/_/_/_/

 :: Spring Boot ::                (v3.5.6)

2025-11-05T13:14:33.126+05:30  INFO 33556 --- [SubmissionService] [           main] c.S.S.SubmissionApplication              : Starting SubmissionApplication v0.0.1-SNAPSHOT using Java 21.0.8 with PID 33556 (/home/ravindra162/Desktop/prepNow/SubmissionService/target/SubmissionService-0.0.1-SNAPSHOT.jar started by ravindra162 in /home/ravindra162/Desktop/prepNow/SubmissionService)
2025-11-05T13:14:33.139+05:30 DEBUG 33556 --- [SubmissionService] [           main] c.S.S.SubmissionApplication              : Running with Spring Boot v3.5.6, Spring v6.2.11
2025-11-05T13:14:33.143+05:30  INFO 33556 --- [SubmissionService] [           main] c.S.S.SubmissionApplication              : No active profile set, falling back to 1 default profile: "default"
2025-11-05T13:14:37.182+05:30  INFO 33556 --- [SubmissionService] [           main] .s.d.r.c.RepositoryConfigurationDelegate : Bootstrapping Spring Data MongoDB repositories in DEFAULT mode.
2025-11-05T13:14:37.371+05:30  INFO 33556 --- [SubmissionService] [           main] .s.d.r.c.RepositoryConfigurationDelegate : Finished Spring Data repository scanning in 167 ms. Found 4 MongoDB repository interfaces.
2025-11-05T13:14:39.033+05:30  INFO 33556 --- [SubmissionService] [           main] o.s.b.w.embedded.tomcat.TomcatWebServer  : Tomcat initialized with port 8083 (http)
2025-11-05T13:14:39.094+05:30  INFO 33556 --- [SubmissionService] [           main] o.apache.catalina.core.StandardService   : Starting service [Tomcat]
2025-11-05T13:14:39.095+05:30  INFO 33556 --- [SubmissionService] [           main] o.apache.catalina.core.StandardEngine    : Starting Servlet engine: [Apache Tomcat/10.1.46]
2025-11-05T13:14:39.196+05:30  INFO 33556 --- [SubmissionService] [           main] o.a.c.c.C.[Tomcat].[localhost].[/]       : Initializing Spring embedded WebApplicationContext
2025-11-05T13:14:39.200+05:30  INFO 33556 --- [SubmissionService] [           main] w.s.c.ServletWebServerApplicationContext : Root WebApplicationContext: initialization completed in 5764 ms
2025-11-05T13:14:39.920+05:30  INFO 33556 --- [SubmissionService] [           main] org.mongodb.driver.client                : MongoClient with metadata {"driver": {"name": "mongo-java-driver|sync|spring-boot", "version": "5.5.1"}, "os": {"type": "Linux", "name": "Linux", "architecture": "amd64", "version": "6.16.10-200.fc42.x86_64"}, "platform": "Java/Red Hat, Inc./21.0.8+9"} created with settings MongoClientSettings{readPreference=primary, writeConcern=WriteConcern{w=null, wTimeout=null ms, journal=null}, retryWrites=true, retryReads=true, readConcern=ReadConcern{level=null}, credential=MongoCredential{mechanism=null, userName='ravindra162', source='admin', password=<hidden>, mechanismProperties=<hidden>}, transportSettings=null, commandListeners=[], codecRegistry=ProvidersCodecRegistry{codecProviders=[ValueCodecProvider{}, BsonValueCodecProvider{}, DBRefCodecProvider{}, DBObjectCodecProvider{}, DocumentCodecProvider{}, CollectionCodecProvider{}, IterableCodecProvider{}, MapCodecProvider{}, GeoJsonCodecProvider{}, GridFSFileCodecProvider{}, Jsr310CodecProvider{}, JsonObjectCodecProvider{}, BsonCodecProvider{}, EnumCodecProvider{}, com.mongodb.client.model.mql.ExpressionCodecProvider@d611f1c, com.mongodb.Jep395RecordCodecProvider@4f2d014a, com.mongodb.KotlinCodecProvider@51fc862e]}, loggerSettings=LoggerSettings{maxDocumentLength=1000}, clusterSettings={hosts=[localhost:27017], srvServiceName=mongodb, mode=SINGLE, requiredClusterType=UNKNOWN, requiredReplicaSetName='null', serverSelector='null', clusterListeners='[]', serverSelectionTimeout='30000 ms', localThreshold='15 ms'}, socketSettings=SocketSettings{connectTimeoutMS=10000, readTimeoutMS=0, receiveBufferSize=0, proxySettings=ProxySettings{host=null, port=null, username=null, password=null}}, heartbeatSocketSettings=SocketSettings{connectTimeoutMS=10000, readTimeoutMS=10000, receiveBufferSize=0, proxySettings=ProxySettings{host=null, port=null, username=null, password=null}}, connectionPoolSettings=ConnectionPoolSettings{maxSize=100, minSize=0, maxWaitTimeMS=120000, maxConnectionLifeTimeMS=0, maxConnectionIdleTimeMS=0, maintenanceInitialDelayMS=0, maintenanceFrequencyMS=60000, connectionPoolListeners=[], maxConnecting=2}, serverSettings=ServerSettings{heartbeatFrequencyMS=10000, minHeartbeatFrequencyMS=500, serverMonitoringMode=AUTO, serverListeners='[]', serverMonitorListeners='[]'}, sslSettings=SslSettings{enabled=false, invalidHostNameAllowed=false, context=null}, applicationName='null', compressorList=[], uuidRepresentation=JAVA_LEGACY, serverApi=null, autoEncryptionSettings=null, dnsClient=null, inetAddressResolver=null, contextProvider=null, timeoutMS=null}
2025-11-05T13:14:39.960+05:30  INFO 33556 --- [SubmissionService] [localhost:27017] org.mongodb.driver.cluster               : Monitor thread successfully connected to server with description ServerDescription{address=localhost:27017, type=STANDALONE, cryptd=false, state=CONNECTED, ok=true, minWireVersion=0, maxWireVersion=25, maxDocumentSize=16777216, logicalSessionTimeoutMinutes=30, roundTripTimeNanos=44430034, minRoundTripTimeNanos=0}
2025-11-05T13:14:40.789+05:30  INFO 33556 --- [SubmissionService] [           main] c.S.S.config.MongoConfig                 : Creating MongoDB indexes...
2025-11-05T13:14:41.218+05:30  INFO 33556 --- [SubmissionService] [           main] c.S.S.config.MongoConfig                 : MongoDB indexes created successfully
2025-11-05T13:14:43.904+05:30  INFO 33556 --- [SubmissionService] [           main] o.s.b.w.embedded.tomcat.TomcatWebServer  : Tomcat started on port 8083 (http) with context path '/'
2025-11-05T13:14:43.920+05:30  INFO 33556 --- [SubmissionService] [           main] o.s.a.r.c.CachingConnectionFactory       : Attempting to connect to: [localhost:5672]
2025-11-05T13:14:44.193+05:30  INFO 33556 --- [SubmissionService] [           main] o.s.a.r.c.CachingConnectionFactory       : Created new connection: rabbitConnectionFactory#586843bc:0/SimpleConnection@44ddb518 [delegate=amqp://guest@127.0.0.1:5672/, localPort=52526]
2025-11-05T13:14:44.496+05:30  INFO 33556 --- [SubmissionService] [           main] c.S.S.SubmissionApplication              : Started SubmissionApplication in 13.483 seconds (process running for 15.249)
2025-11-05T13:18:34.256+05:30  INFO 33556 --- [SubmissionService] [ntContainer#0-2] o.s.a.r.l.SimpleMessageListenerContainer : Waiting for workers to finish.
2025-11-05T13:18:34.521+05:30  INFO 33556 --- [SubmissionService] [ntContainer#0-2] o.s.a.r.l.SimpleMessageListenerContainer : Successfully waited for workers to finish.
2025-11-05T13:18:34.531+05:30  INFO 33556 --- [SubmissionService] [ionShutdownHook] o.s.b.w.e.tomcat.GracefulShutdown        : Commencing graceful shutdown. Waiting for active requests to complete
2025-11-05T13:18:34.538+05:30  INFO 33556 --- [SubmissionService] [tomcat-shutdown] o.s.b.w.e.tomcat.GracefulShutdown        : Graceful shutdown complete
